// Jest Snapshot v1, https://goo.gl/fbAQLP

exports[`components/custom_status/custom_status_emoji should match snapshot 1`] = `
<ForwardRef
  onPress={[Function]}
  style={
    Object {
      "alignItems": "center",
      "flex": 1,
      "height": 40,
      "justifyContent": "center",
      "width": 40,
    }
  }
>
  <CompassIcon
    name="close-circle"
    size={20}
    style={
      Object {
        "borderRadius": 1000,
        "color": "rgba(61,60,64,0.52)",
      }
    }
  />
</ForwardRef>
`;
